interactions:
- request:
    body: null
    headers:
      Accept:
      - '*/*'
      Accept-Encoding:
      - gzip, deflate
      Connection:
      - keep-alive
      User-Agent:
      - python-requests/2.32.3
    method: GET
    uri: https://planetarycomputer.microsoft.com/api/stac/v1/collections/sentinel-1-grd/items?limit=1
  response:
    body:
      string: '{"type":"FeatureCollection","features":[{"id":"S1A_IW_GRDH_1SDV_20250312T052236_20250312T052301_058267_073394","bbox":[8.079524,32.671696,11.216046,34.592247],"type":"Feature","links":[{"rel":"collection","type":"application/json","href":"https://planetarycomputer.microsoft.com/api/stac/v1/collections/sentinel-1-grd"},{"rel":"parent","type":"application/json","href":"https://planetarycomputer.microsoft.com/api/stac/v1/collections/sentinel-1-grd"},{"rel":"root","type":"application/json","href":"https://planetarycomputer.microsoft.com/api/stac/v1/"},{"rel":"self","type":"application/geo+json","href":"https://planetarycomputer.microsoft.com/api/stac/v1/collections/sentinel-1-grd/items/S1A_IW_GRDH_1SDV_20250312T052236_20250312T052301_058267_073394"},{"rel":"license","href":"https://sentinel.esa.int/documents/247904/690755/Sentinel_Data_Legal_Notice"},{"rel":"preview","href":"https://planetarycomputer.microsoft.com/api/data/v1/item/map?collection=sentinel-1-grd&item=S1A_IW_GRDH_1SDV_20250312T052236_20250312T052301_058267_073394","title":"Map
        of item","type":"text/html"}],"assets":{"vh":{"href":"https://sentinel1euwest.blob.core.windows.net/s1-grd/GRD/2025/3/12/IW/DV/S1A_IW_GRDH_1SDV_20250312T052236_20250312T052301_058267_073394_B8B7/measurement/iw-vh.tiff","type":"image/tiff;
        application=geotiff; profile=cloud-optimized","roles":["data"],"title":"VH:
        vertical transmit, horizontal receive","description":"Amplitude of signal
        transmitted with vertical polarization and received with horizontal polarization
        with radiometric terrain correction applied."},"vv":{"href":"https://sentinel1euwest.blob.core.windows.net/s1-grd/GRD/2025/3/12/IW/DV/S1A_IW_GRDH_1SDV_20250312T052236_20250312T052301_058267_073394_B8B7/measurement/iw-vv.tiff","type":"image/tiff;
        application=geotiff; profile=cloud-optimized","roles":["data"],"title":"VV:
        vertical transmit, vertical receive","description":"Amplitude of signal transmitted
        with vertical polarization and received with vertical polarization with radiometric
        terrain correction applied."},"thumbnail":{"href":"https://sentinel1euwest.blob.core.windows.net/s1-grd/GRD/2025/3/12/IW/DV/S1A_IW_GRDH_1SDV_20250312T052236_20250312T052301_058267_073394_B8B7/preview/quick-look.png","type":"image/png","roles":["thumbnail"],"title":"Preview
        Image","description":"An averaged, decimated preview image in PNG format.
        Single polarisation products are represented with a grey scale image. Dual
        polarisation products are represented by a single composite colour image in
        RGB with the red channel (R) representing the  co-polarisation VV or HH),
        the green channel (G) represents the cross-polarisation (VH or HV) and the
        blue channel (B) represents the ratio of the cross an co-polarisations."},"safe-manifest":{"href":"https://sentinel1euwest.blob.core.windows.net/s1-grd/GRD/2025/3/12/IW/DV/S1A_IW_GRDH_1SDV_20250312T052236_20250312T052301_058267_073394_B8B7/manifest.safe","type":"application/xml","roles":["metadata"],"title":"Manifest
        File","description":"General product metadata in XML format. Contains a high-level
        textual description of the product and references to all of product''s components,
        the product metadata, including the product identification and the resource
        references, and references to the physical location of each component file
        contained in the product."},"schema-noise-vh":{"href":"https://sentinel1euwest.blob.core.windows.net/s1-grd/GRD/2025/3/12/IW/DV/S1A_IW_GRDH_1SDV_20250312T052236_20250312T052301_058267_073394_B8B7/annotation/calibration/noise-iw-vh.xml","type":"application/xml","roles":["metadata"],"title":"Noise
        Schema","description":"Estimated thermal noise look-up tables"},"schema-noise-vv":{"href":"https://sentinel1euwest.blob.core.windows.net/s1-grd/GRD/2025/3/12/IW/DV/S1A_IW_GRDH_1SDV_20250312T052236_20250312T052301_058267_073394_B8B7/annotation/calibration/noise-iw-vv.xml","type":"application/xml","roles":["metadata"],"title":"Noise
        Schema","description":"Estimated thermal noise look-up tables"},"schema-product-vh":{"href":"https://sentinel1euwest.blob.core.windows.net/s1-grd/GRD/2025/3/12/IW/DV/S1A_IW_GRDH_1SDV_20250312T052236_20250312T052301_058267_073394_B8B7/annotation/rfi/rfi-iw-vh.xml","type":"application/xml","roles":["metadata"],"title":"Product
        Schema","description":"Describes the main characteristics corresponding to
        the band: state of the platform during acquisition, image properties, Doppler
        information, geographic location, etc."},"schema-product-vv":{"href":"https://sentinel1euwest.blob.core.windows.net/s1-grd/GRD/2025/3/12/IW/DV/S1A_IW_GRDH_1SDV_20250312T052236_20250312T052301_058267_073394_B8B7/annotation/rfi/rfi-iw-vv.xml","type":"application/xml","roles":["metadata"],"title":"Product
        Schema","description":"Describes the main characteristics corresponding to
        the band: state of the platform during acquisition, image properties, Doppler
        information, geographic location, etc."},"schema-calibration-vh":{"href":"https://sentinel1euwest.blob.core.windows.net/s1-grd/GRD/2025/3/12/IW/DV/S1A_IW_GRDH_1SDV_20250312T052236_20250312T052301_058267_073394_B8B7/annotation/calibration/calibration-iw-vh.xml","type":"application/xml","roles":["metadata"],"title":"Calibration
        Schema","description":"Calibration metadata including calibration information
        and the beta nought, sigma nought, gamma and digital number look-up tables
        that can be used for absolute product calibration."},"schema-calibration-vv":{"href":"https://sentinel1euwest.blob.core.windows.net/s1-grd/GRD/2025/3/12/IW/DV/S1A_IW_GRDH_1SDV_20250312T052236_20250312T052301_058267_073394_B8B7/annotation/calibration/calibration-iw-vv.xml","type":"application/xml","roles":["metadata"],"title":"Calibration
        Schema","description":"Calibration metadata including calibration information
        and the beta nought, sigma nought, gamma and digital number look-up tables
        that can be used for absolute product calibration."},"tilejson":{"title":"TileJSON
        with default rendering","href":"https://planetarycomputer.microsoft.com/api/data/v1/item/tilejson.json?collection=sentinel-1-grd&item=S1A_IW_GRDH_1SDV_20250312T052236_20250312T052301_058267_073394&assets=vv&assets=vh&expression=vv%3Bvh%3Bvv%2Fvh&rescale=0%2C600&rescale=0%2C270&rescale=0%2C9&asset_as_band=True&tile_format=png&format=png","type":"application/json","roles":["tiles"]},"rendered_preview":{"title":"Rendered
        preview","rel":"preview","href":"https://planetarycomputer.microsoft.com/api/data/v1/item/preview.png?collection=sentinel-1-grd&item=S1A_IW_GRDH_1SDV_20250312T052236_20250312T052301_058267_073394&assets=vv&assets=vh&expression=vv%3Bvh%3Bvv%2Fvh&rescale=0%2C600&rescale=0%2C270&rescale=0%2C9&asset_as_band=True&tile_format=png&format=png","roles":["overview"],"type":"image/png"}},"geometry":{"type":"Polygon","coordinates":[[[10.861961,32.671696],[8.079524,33.090034],[8.384272,34.592247],[11.216046,34.176048],[10.861961,32.671696]]]},"collection":"sentinel-1-grd","properties":{"datetime":"2025-03-12T05:22:49.103098Z","platform":"SENTINEL-1A","s1:shape":[26449,16669],"end_datetime":"2025-03-12
        05:23:01.601759+00:00","constellation":"Sentinel-1","s1:resolution":"high","s1:datatake_id":"471956","start_datetime":"2025-03-12
        05:22:36.604436+00:00","s1:orbit_source":"PREORB","s1:slice_number":"28","s1:total_slices":"30","sar:looks_range":5,"sat:orbit_state":"descending","sar:product_type":"GRD","sar:looks_azimuth":1,"sar:polarizations":["VV","VH"],"sar:frequency_band":"C","sat:absolute_orbit":58267,"sat:relative_orbit":95,"s1:processing_level":"1","sar:instrument_mode":"IW","sar:center_frequency":5.405,"sar:resolution_range":20,"s1:product_timeliness":"NRT-3h","sar:resolution_azimuth":22,"sar:pixel_spacing_range":10,"sar:observation_direction":"right","sar:pixel_spacing_azimuth":10,"sar:looks_equivalent_number":4.4,"s1:instrument_configuration_ID":"7","sat:platform_international_designator":"2014-016A"},"stac_extensions":["https://stac-extensions.github.io/sar/v1.0.0/schema.json","https://stac-extensions.github.io/sat/v1.0.0/schema.json"],"stac_version":"1.0.0"}],"links":[{"rel":"collection","type":"application/json","href":"https://planetarycomputer.microsoft.com/api/stac/v1/collections/sentinel-1-grd"},{"rel":"parent","type":"application/json","href":"https://planetarycomputer.microsoft.com/api/stac/v1/collections/sentinel-1-grd"},{"rel":"root","type":"application/json","href":"https://planetarycomputer.microsoft.com/api/stac/v1/"},{"rel":"self","type":"application/geo+json","href":"https://planetarycomputer.microsoft.com/api/stac/v1/collections/sentinel-1-grd/items"},{"rel":"next","type":"application/geo+json","method":"GET","href":"https://planetarycomputer.microsoft.com/api/stac/v1/collections/sentinel-1-grd/items?limit=1&token=next:sentinel-1-grd:S1A_IW_GRDH_1SDV_20250312T052236_20250312T052301_058267_073394"}]}'
    headers:
      Accept-Ranges:
      - bytes
      Access-Control-Allow-Credentials:
      - 'true'
      Access-Control-Allow-Headers:
      - X-PC-Request-Entity,DNT,Keep-Alive,User-Agent,X-Requested-With,If-Modified-Since,Cache-Control,Content-Type,Authorization
      Access-Control-Allow-Methods:
      - PUT, GET, POST, OPTIONS
      Access-Control-Allow-Origin:
      - '*'
      Access-Control-Max-Age:
      - '1728000'
      Connection:
      - keep-alive
      Content-Length:
      - '2134'
      Content-Type:
      - application/geo+json
      Date:
      - Wed, 12 Mar 2025 12:12:26 GMT
      Strict-Transport-Security:
      - max-age=31536000; includeSubDomains
      X-Cache:
      - CONFIG_NOCACHE
      content-encoding:
      - gzip
      vary:
      - Accept-Encoding
      x-azure-ref:
      - 20250312T121226Z-15d554846c6k9t6rhC1DENetdw00000004v0000000003ze1
    status:
      code: 200
      message: OK
- request:
    body: null
    headers:
      Connection:
      - close
      Host:
      - planetarycomputer.microsoft.com
      User-Agent:
      - Python-urllib/3.10
    method: GET
    uri: https://planetarycomputer.microsoft.com/api/stac/v1/
  response:
    body:
      string: '{"type":"Catalog","id":"microsoft-pc","title":"Microsoft Planetary
        Computer STAC API","description":"Searchable spatiotemporal metadata describing
        Earth science datasets hosted by the Microsoft Planetary Computer","stac_version":"1.0.0","conformsTo":["http://www.opengis.net/spec/ogcapi-features-1/1.0/conf/geojson","https://api.stacspec.org/v1.0.0/item-search#sort","http://www.opengis.net/spec/ogcapi-features-3/1.0/conf/filter","https://api.stacspec.org/v1.0.0-rc.2/item-search#filter","http://www.opengis.net/spec/cql2/1.0/conf/cql2-json","http://www.opengis.net/spec/ogcapi-features-1/1.0/conf/core","https://api.stacspec.org/v1.0.0/item-search#query","http://www.opengis.net/spec/cql2/1.0/conf/cql2-text","http://www.opengis.net/spec/ogcapi-features-1/1.0/conf/oas30","https://api.stacspec.org/v1.0.0/item-search#fields","https://api.stacspec.org/v1.0.0/item-search","http://www.opengis.net/spec/cql2/1.0/conf/basic-cql2","https://api.stacspec.org/v1.0.0/core","https://api.stacspec.org/v1.0.0/collections","https://api.stacspec.org/v1.0.0/ogcapi-features"],"links":[{"rel":"self","type":"application/json","href":"https://planetarycomputer.microsoft.com/api/stac/v1/"},{"rel":"root","type":"application/json","href":"https://planetarycomputer.microsoft.com/api/stac/v1/"},{"rel":"data","type":"application/json","href":"https://planetarycomputer.microsoft.com/api/stac/v1/collections"},{"rel":"conformance","type":"application/json","title":"STAC/OGC
        conformance classes implemented by this server","href":"https://planetarycomputer.microsoft.com/api/stac/v1/conformance"},{"rel":"search","type":"application/geo+json","title":"STAC
        search","href":"https://planetarycomputer.microsoft.com/api/stac/v1/search","method":"GET"},{"rel":"search","type":"application/geo+json","title":"STAC
        search","href":"https://planetarycomputer.microsoft.com/api/stac/v1/search","method":"POST"},{"rel":"http://www.opengis.net/def/rel/ogc/1.0/queryables","type":"application/schema+json","title":"Queryables","href":"https://planetarycomputer.microsoft.com/api/stac/v1/queryables","method":"GET"},{"rel":"child","type":"application/json","title":"Daymet
        Annual Puerto Rico","href":"https://planetarycomputer.microsoft.com/api/stac/v1/collections/daymet-annual-pr"},{"rel":"child","type":"application/json","title":"Daymet
        Daily Hawaii","href":"https://planetarycomputer.microsoft.com/api/stac/v1/collections/daymet-daily-hi"},{"rel":"child","type":"application/json","title":"USGS
        3DEP Seamless DEMs","href":"https://planetarycomputer.microsoft.com/api/stac/v1/collections/3dep-seamless"},{"rel":"child","type":"application/json","title":"USGS
        3DEP Lidar Digital Surface Model","href":"https://planetarycomputer.microsoft.com/api/stac/v1/collections/3dep-lidar-dsm"},{"rel":"child","type":"application/json","title":"Forest
        Inventory and Analysis","href":"https://planetarycomputer.microsoft.com/api/stac/v1/collections/fia"},{"rel":"child","type":"application/json","title":"Sentinel
        1 Radiometrically Terrain Corrected (RTC)","href":"https://planetarycomputer.microsoft.com/api/stac/v1/collections/sentinel-1-rtc"},{"rel":"child","type":"application/json","title":"gridMET","href":"https://planetarycomputer.microsoft.com/api/stac/v1/collections/gridmet"},{"rel":"child","type":"application/json","title":"Daymet
        Annual North America","href":"https://planetarycomputer.microsoft.com/api/stac/v1/collections/daymet-annual-na"},{"rel":"child","type":"application/json","title":"Daymet
        Monthly North America","href":"https://planetarycomputer.microsoft.com/api/stac/v1/collections/daymet-monthly-na"},{"rel":"child","type":"application/json","title":"Daymet
        Annual Hawaii","href":"https://planetarycomputer.microsoft.com/api/stac/v1/collections/daymet-annual-hi"},{"rel":"child","type":"application/json","title":"Daymet
        Monthly Hawaii","href":"https://planetarycomputer.microsoft.com/api/stac/v1/collections/daymet-monthly-hi"},{"rel":"child","type":"application/json","title":"Daymet
        Monthly Puerto Rico","href":"https://planetarycomputer.microsoft.com/api/stac/v1/collections/daymet-monthly-pr"},{"rel":"child","type":"application/json","title":"gNATSGO
        Soil Database - Tables","href":"https://planetarycomputer.microsoft.com/api/stac/v1/collections/gnatsgo-tables"},{"rel":"child","type":"application/json","title":"HGB:
        Harmonized Global Biomass for 2010","href":"https://planetarycomputer.microsoft.com/api/stac/v1/collections/hgb"},{"rel":"child","type":"application/json","title":"Copernicus
        DEM GLO-30","href":"https://planetarycomputer.microsoft.com/api/stac/v1/collections/cop-dem-glo-30"},{"rel":"child","type":"application/json","title":"Copernicus
        DEM GLO-90","href":"https://planetarycomputer.microsoft.com/api/stac/v1/collections/cop-dem-glo-90"},{"rel":"child","type":"application/json","title":"GOES-R
        Cloud & Moisture Imagery","href":"https://planetarycomputer.microsoft.com/api/stac/v1/collections/goes-cmi"},{"rel":"child","type":"application/json","title":"TerraClimate","href":"https://planetarycomputer.microsoft.com/api/stac/v1/collections/terraclimate"},{"rel":"child","type":"application/json","title":"Earth
        Exchange Global Daily Downscaled Projections (NEX-GDDP-CMIP6)","href":"https://planetarycomputer.microsoft.com/api/stac/v1/collections/nasa-nex-gddp-cmip6"},{"rel":"child","type":"application/json","title":"GPM
        IMERG","href":"https://planetarycomputer.microsoft.com/api/stac/v1/collections/gpm-imerg-hhr"},{"rel":"child","type":"application/json","title":"gNATSGO
        Soil Database - Rasters","href":"https://planetarycomputer.microsoft.com/api/stac/v1/collections/gnatsgo-rasters"},{"rel":"child","type":"application/json","title":"USGS
        3DEP Lidar Height above Ground","href":"https://planetarycomputer.microsoft.com/api/stac/v1/collections/3dep-lidar-hag"},{"rel":"child","type":"application/json","title":"10m
        Annual Land Use Land Cover (9-class) V2","href":"https://planetarycomputer.microsoft.com/api/stac/v1/collections/io-lulc-annual-v02"},{"rel":"child","type":"application/json","title":"CONUS404","href":"https://planetarycomputer.microsoft.com/api/stac/v1/collections/conus404"},{"rel":"child","type":"application/json","title":"USGS
        3DEP Lidar Intensity","href":"https://planetarycomputer.microsoft.com/api/stac/v1/collections/3dep-lidar-intensity"},{"rel":"child","type":"application/json","title":"USGS
        3DEP Lidar Point Source","href":"https://planetarycomputer.microsoft.com/api/stac/v1/collections/3dep-lidar-pointsourceid"},{"rel":"child","type":"application/json","title":"MTBS:
        Monitoring Trends in Burn Severity","href":"https://planetarycomputer.microsoft.com/api/stac/v1/collections/mtbs"},{"rel":"child","type":"application/json","title":"C-CAP
        Regional Land Cover and Change","href":"https://planetarycomputer.microsoft.com/api/stac/v1/collections/noaa-c-cap"},{"rel":"child","type":"application/json","title":"USGS
        3DEP Lidar Point Cloud","href":"https://planetarycomputer.microsoft.com/api/stac/v1/collections/3dep-lidar-copc"},{"rel":"child","type":"application/json","title":"MODIS
        Burned Area Monthly","href":"https://planetarycomputer.microsoft.com/api/stac/v1/collections/modis-64A1-061"},{"rel":"child","type":"application/json","title":"ALOS
        Forest/Non-Forest Annual Mosaic","href":"https://planetarycomputer.microsoft.com/api/stac/v1/collections/alos-fnf-mosaic"},{"rel":"child","type":"application/json","title":"USGS
        3DEP Lidar Returns","href":"https://planetarycomputer.microsoft.com/api/stac/v1/collections/3dep-lidar-returns"},{"rel":"child","type":"application/json","title":"MoBI:
        Map of Biodiversity Importance","href":"https://planetarycomputer.microsoft.com/api/stac/v1/collections/mobi"},{"rel":"child","type":"application/json","title":"Landsat
        Collection 2 Level-2","href":"https://planetarycomputer.microsoft.com/api/stac/v1/collections/landsat-c2-l2"},{"rel":"child","type":"application/json","title":"ERA5
        - PDS","href":"https://planetarycomputer.microsoft.com/api/stac/v1/collections/era5-pds"},{"rel":"child","type":"application/json","title":"Chloris
        Biomass","href":"https://planetarycomputer.microsoft.com/api/stac/v1/collections/chloris-biomass"},{"rel":"child","type":"application/json","title":"HydroForecast
        - Kwando & Upper Zambezi Rivers","href":"https://planetarycomputer.microsoft.com/api/stac/v1/collections/kaza-hydroforecast"},{"rel":"child","type":"application/json","title":"Planet-NICFI
        Basemaps (Analytic)","href":"https://planetarycomputer.microsoft.com/api/stac/v1/collections/planet-nicfi-analytic"},{"rel":"child","type":"application/json","title":"MODIS
        Gross Primary Productivity 8-Day","href":"https://planetarycomputer.microsoft.com/api/stac/v1/collections/modis-17A2H-061"},{"rel":"child","type":"application/json","title":"MODIS
        Land Surface Temperature/Emissivity 8-Day","href":"https://planetarycomputer.microsoft.com/api/stac/v1/collections/modis-11A2-061"},{"rel":"child","type":"application/json","title":"Daymet
        Daily Puerto Rico","href":"https://planetarycomputer.microsoft.com/api/stac/v1/collections/daymet-daily-pr"},{"rel":"child","type":"application/json","title":"USGS
        3DEP Lidar Digital Terrain Model (Native)","href":"https://planetarycomputer.microsoft.com/api/stac/v1/collections/3dep-lidar-dtm-native"},{"rel":"child","type":"application/json","title":"USGS
        3DEP Lidar Classification","href":"https://planetarycomputer.microsoft.com/api/stac/v1/collections/3dep-lidar-classification"},{"rel":"child","type":"application/json","title":"USGS
        3DEP Lidar Digital Terrain Model","href":"https://planetarycomputer.microsoft.com/api/stac/v1/collections/3dep-lidar-dtm"},{"rel":"child","type":"application/json","title":"USGS
        Gap Land Cover","href":"https://planetarycomputer.microsoft.com/api/stac/v1/collections/gap"},{"rel":"child","type":"application/json","title":"MODIS
        Gross Primary Productivity 8-Day Gap-Filled","href":"https://planetarycomputer.microsoft.com/api/stac/v1/collections/modis-17A2HGF-061"},{"rel":"child","type":"application/json","title":"Planet-NICFI
        Basemaps (Visual)","href":"https://planetarycomputer.microsoft.com/api/stac/v1/collections/planet-nicfi-visual"},{"rel":"child","type":"application/json","title":"Global
        Biodiversity Information Facility (GBIF)","href":"https://planetarycomputer.microsoft.com/api/stac/v1/collections/gbif"},{"rel":"child","type":"application/json","title":"MODIS
        Net Primary Production Yearly Gap-Filled","href":"https://planetarycomputer.microsoft.com/api/stac/v1/collections/modis-17A3HGF-061"},{"rel":"child","type":"application/json","title":"MODIS
        Surface Reflectance 8-Day (500m)","href":"https://planetarycomputer.microsoft.com/api/stac/v1/collections/modis-09A1-061"},{"rel":"child","type":"application/json","title":"ALOS
        World 3D-30m","href":"https://planetarycomputer.microsoft.com/api/stac/v1/collections/alos-dem"},{"rel":"child","type":"application/json","title":"ALOS
        PALSAR Annual Mosaic","href":"https://planetarycomputer.microsoft.com/api/stac/v1/collections/alos-palsar-mosaic"},{"rel":"child","type":"application/json","title":"Deltares
        Global Water Availability","href":"https://planetarycomputer.microsoft.com/api/stac/v1/collections/deltares-water-availability"},{"rel":"child","type":"application/json","title":"MODIS
        Net Evapotranspiration Yearly Gap-Filled","href":"https://planetarycomputer.microsoft.com/api/stac/v1/collections/modis-16A3GF-061"},{"rel":"child","type":"application/json","title":"MODIS
        Land Surface Temperature/3-Band Emissivity 8-Day","href":"https://planetarycomputer.microsoft.com/api/stac/v1/collections/modis-21A2-061"},{"rel":"child","type":"application/json","title":"US
        Census","href":"https://planetarycomputer.microsoft.com/api/stac/v1/collections/us-census"},{"rel":"child","type":"application/json","title":"JRC
        Global Surface Water","href":"https://planetarycomputer.microsoft.com/api/stac/v1/collections/jrc-gsw"},{"rel":"child","type":"application/json","title":"Deltares
        Global Flood Maps","href":"https://planetarycomputer.microsoft.com/api/stac/v1/collections/deltares-floods"},{"rel":"child","type":"application/json","title":"MODIS
        Nadir BRDF-Adjusted Reflectance (NBAR) Daily","href":"https://planetarycomputer.microsoft.com/api/stac/v1/collections/modis-43A4-061"},{"rel":"child","type":"application/json","title":"MODIS
        Surface Reflectance 8-Day (250m)","href":"https://planetarycomputer.microsoft.com/api/stac/v1/collections/modis-09Q1-061"},{"rel":"child","type":"application/json","title":"MODIS
        Thermal Anomalies/Fire Daily","href":"https://planetarycomputer.microsoft.com/api/stac/v1/collections/modis-14A1-061"},{"rel":"child","type":"application/json","title":"HREA:
        High Resolution Electricity Access","href":"https://planetarycomputer.microsoft.com/api/stac/v1/collections/hrea"},{"rel":"child","type":"application/json","title":"MODIS
        Vegetation Indices 16-Day (250m)","href":"https://planetarycomputer.microsoft.com/api/stac/v1/collections/modis-13Q1-061"},{"rel":"child","type":"application/json","title":"MODIS
        Thermal Anomalies/Fire 8-Day","href":"https://planetarycomputer.microsoft.com/api/stac/v1/collections/modis-14A2-061"},{"rel":"child","type":"application/json","title":"Sentinel-2
        Level-2A","href":"https://planetarycomputer.microsoft.com/api/stac/v1/collections/sentinel-2-l2a"},{"rel":"child","type":"application/json","title":"MODIS
        Leaf Area Index/FPAR 8-Day","href":"https://planetarycomputer.microsoft.com/api/stac/v1/collections/modis-15A2H-061"},{"rel":"child","type":"application/json","title":"MODIS
        Land Surface Temperature/Emissivity Daily","href":"https://planetarycomputer.microsoft.com/api/stac/v1/collections/modis-11A1-061"},{"rel":"child","type":"application/json","title":"MODIS
        Leaf Area Index/FPAR 4-Day","href":"https://planetarycomputer.microsoft.com/api/stac/v1/collections/modis-15A3H-061"},{"rel":"child","type":"application/json","title":"MODIS
        Vegetation Indices 16-Day (500m)","href":"https://planetarycomputer.microsoft.com/api/stac/v1/collections/modis-13A1-061"},{"rel":"child","type":"application/json","title":"Daymet
        Daily North America","href":"https://planetarycomputer.microsoft.com/api/stac/v1/collections/daymet-daily-na"},{"rel":"child","type":"application/json","title":"Land
        Cover of Canada","href":"https://planetarycomputer.microsoft.com/api/stac/v1/collections/nrcan-landcover"},{"rel":"child","type":"application/json","title":"MODIS
        Snow Cover 8-day","href":"https://planetarycomputer.microsoft.com/api/stac/v1/collections/modis-10A2-061"},{"rel":"child","type":"application/json","title":"ECMWF
        Open Data (real-time)","href":"https://planetarycomputer.microsoft.com/api/stac/v1/collections/ecmwf-forecast"},{"rel":"child","type":"application/json","title":"NOAA
        MRMS QPE 24-Hour Pass 2","href":"https://planetarycomputer.microsoft.com/api/stac/v1/collections/noaa-mrms-qpe-24h-pass2"},{"rel":"child","type":"application/json","title":"Sentinel
        1 Level-1 Ground Range Detected (GRD)","href":"https://planetarycomputer.microsoft.com/api/stac/v1/collections/sentinel-1-grd"},{"rel":"child","type":"application/json","title":"NASADEM
        HGT v001","href":"https://planetarycomputer.microsoft.com/api/stac/v1/collections/nasadem"},{"rel":"child","type":"application/json","title":"Esri
        10-Meter Land Cover (10-class)","href":"https://planetarycomputer.microsoft.com/api/stac/v1/collections/io-lulc"},{"rel":"child","type":"application/json","title":"Landsat
        Collection 2 Level-1","href":"https://planetarycomputer.microsoft.com/api/stac/v1/collections/landsat-c2-l1"},{"rel":"child","type":"application/json","title":"Denver
        Regional Council of Governments Land Use Land Cover","href":"https://planetarycomputer.microsoft.com/api/stac/v1/collections/drcog-lulc"},{"rel":"child","type":"application/json","title":"Chesapeake
        Land Cover (7-class)","href":"https://planetarycomputer.microsoft.com/api/stac/v1/collections/chesapeake-lc-7"},{"rel":"child","type":"application/json","title":"Chesapeake
        Land Cover (13-class)","href":"https://planetarycomputer.microsoft.com/api/stac/v1/collections/chesapeake-lc-13"},{"rel":"child","type":"application/json","title":"Chesapeake
        Land Use","href":"https://planetarycomputer.microsoft.com/api/stac/v1/collections/chesapeake-lu"},{"rel":"child","type":"application/json","title":"NOAA
        MRMS QPE 1-Hour Pass 1","href":"https://planetarycomputer.microsoft.com/api/stac/v1/collections/noaa-mrms-qpe-1h-pass1"},{"rel":"child","type":"application/json","title":"NOAA
        MRMS QPE 1-Hour Pass 2","href":"https://planetarycomputer.microsoft.com/api/stac/v1/collections/noaa-mrms-qpe-1h-pass2"},{"rel":"child","type":"application/json","title":"Monthly
        NOAA U.S. Climate Gridded Dataset (NClimGrid)","href":"https://planetarycomputer.microsoft.com/api/stac/v1/collections/noaa-nclimgrid-monthly"},{"rel":"child","type":"application/json","title":"GOES-R
        Lightning Detection","href":"https://planetarycomputer.microsoft.com/api/stac/v1/collections/goes-glm"},{"rel":"child","type":"application/json","title":"USDA
        Cropland Data Layers (CDLs)","href":"https://planetarycomputer.microsoft.com/api/stac/v1/collections/usda-cdl"},{"rel":"child","type":"application/json","title":"Urban
        Innovation Eclipse Sensor Data","href":"https://planetarycomputer.microsoft.com/api/stac/v1/collections/eclipse"},{"rel":"child","type":"application/json","title":"ESA
        Climate Change Initiative Land Cover Maps (Cloud Optimized GeoTIFF)","href":"https://planetarycomputer.microsoft.com/api/stac/v1/collections/esa-cci-lc"},{"rel":"child","type":"application/json","title":"ESA
        Climate Change Initiative Land Cover Maps (NetCDF)","href":"https://planetarycomputer.microsoft.com/api/stac/v1/collections/esa-cci-lc-netcdf"},{"rel":"child","type":"application/json","title":"FWS
        National Wetlands Inventory","href":"https://planetarycomputer.microsoft.com/api/stac/v1/collections/fws-nwi"},{"rel":"child","type":"application/json","title":"USGS
        LCMAP CONUS Collection 1.3","href":"https://planetarycomputer.microsoft.com/api/stac/v1/collections/usgs-lcmap-conus-v13"},{"rel":"child","type":"application/json","title":"USGS
        LCMAP Hawaii Collection 1.0","href":"https://planetarycomputer.microsoft.com/api/stac/v1/collections/usgs-lcmap-hawaii-v10"},{"rel":"child","type":"application/json","title":"NOAA
        US Tabular Climate Normals","href":"https://planetarycomputer.microsoft.com/api/stac/v1/collections/noaa-climate-normals-tabular"},{"rel":"child","type":"application/json","title":"NOAA
        US Gridded Climate Normals (NetCDF)","href":"https://planetarycomputer.microsoft.com/api/stac/v1/collections/noaa-climate-normals-netcdf"},{"rel":"child","type":"application/json","title":"NOAA
        US Gridded Climate Normals (Cloud-Optimized GeoTIFF)","href":"https://planetarycomputer.microsoft.com/api/stac/v1/collections/noaa-climate-normals-gridded"},{"rel":"child","type":"application/json","title":"ASTER
        L1T","href":"https://planetarycomputer.microsoft.com/api/stac/v1/collections/aster-l1t"},{"rel":"child","type":"application/json","title":"CIL
        Global Downscaled Projections for Climate Impacts Research (CC-BY-SA-4.0)","href":"https://planetarycomputer.microsoft.com/api/stac/v1/collections/cil-gdpcir-cc-by-sa"},{"rel":"child","type":"application/json","title":"NAIP:
        National Agriculture Imagery Program","href":"https://planetarycomputer.microsoft.com/api/stac/v1/collections/naip"},{"rel":"child","type":"application/json","title":"10m
        Annual Land Use Land Cover (9-class) V1","href":"https://planetarycomputer.microsoft.com/api/stac/v1/collections/io-lulc-9-class"},{"rel":"child","type":"application/json","title":"Biodiversity
        Intactness","href":"https://planetarycomputer.microsoft.com/api/stac/v1/collections/io-biodiversity"},{"rel":"child","type":"application/json","title":"Sea
        Surface Temperature - WHOI CDR","href":"https://planetarycomputer.microsoft.com/api/stac/v1/collections/noaa-cdr-sea-surface-temperature-whoi"},{"rel":"child","type":"application/json","title":"Global
        Ocean Heat Content CDR","href":"https://planetarycomputer.microsoft.com/api/stac/v1/collections/noaa-cdr-ocean-heat-content"},{"rel":"child","type":"application/json","title":"CIL
        Global Downscaled Projections for Climate Impacts Research (CC0-1.0)","href":"https://planetarycomputer.microsoft.com/api/stac/v1/collections/cil-gdpcir-cc0"},{"rel":"child","type":"application/json","title":"CIL
        Global Downscaled Projections for Climate Impacts Research (CC-BY-4.0)","href":"https://planetarycomputer.microsoft.com/api/stac/v1/collections/cil-gdpcir-cc-by"},{"rel":"child","type":"application/json","title":"Sea
        Surface Temperature - WHOI CDR NetCDFs","href":"https://planetarycomputer.microsoft.com/api/stac/v1/collections/noaa-cdr-sea-surface-temperature-whoi-netcdf"},{"rel":"child","type":"application/json","title":"Sea
        Surface Temperature - Optimum Interpolation CDR","href":"https://planetarycomputer.microsoft.com/api/stac/v1/collections/noaa-cdr-sea-surface-temperature-optimum-interpolation"},{"rel":"child","type":"application/json","title":"MODIS
        Snow Cover Daily","href":"https://planetarycomputer.microsoft.com/api/stac/v1/collections/modis-10A1-061"},{"rel":"child","type":"application/json","title":"Sentinel-5P
        Level-2","href":"https://planetarycomputer.microsoft.com/api/stac/v1/collections/sentinel-5p-l2-netcdf"},{"rel":"child","type":"application/json","title":"Sentinel-3
        Water (Full Resolution)","href":"https://planetarycomputer.microsoft.com/api/stac/v1/collections/sentinel-3-olci-wfr-l2-netcdf"},{"rel":"child","type":"application/json","title":"Global
        Ocean Heat Content CDR NetCDFs","href":"https://planetarycomputer.microsoft.com/api/stac/v1/collections/noaa-cdr-ocean-heat-content-netcdf"},{"rel":"child","type":"application/json","title":"Harmonized
        Landsat Sentinel-2 (HLS) Version 2.0, Landsat Portion","href":"https://planetarycomputer.microsoft.com/api/stac/v1/collections/hls2-l30"},{"rel":"child","type":"application/json","title":"Sentinel-3
        Global Aerosol","href":"https://planetarycomputer.microsoft.com/api/stac/v1/collections/sentinel-3-synergy-aod-l2-netcdf"},{"rel":"child","type":"application/json","title":"Sentinel-3
        10-Day Surface Reflectance and NDVI (SPOT VEGETATION)","href":"https://planetarycomputer.microsoft.com/api/stac/v1/collections/sentinel-3-synergy-v10-l2-netcdf"},{"rel":"child","type":"application/json","title":"Sentinel-3
        Land (Full Resolution)","href":"https://planetarycomputer.microsoft.com/api/stac/v1/collections/sentinel-3-olci-lfr-l2-netcdf"},{"rel":"child","type":"application/json","title":"Sentinel-3
        Land Radar Altimetry","href":"https://planetarycomputer.microsoft.com/api/stac/v1/collections/sentinel-3-sral-lan-l2-netcdf"},{"rel":"child","type":"application/json","title":"Sentinel-3
        Land Surface Temperature","href":"https://planetarycomputer.microsoft.com/api/stac/v1/collections/sentinel-3-slstr-lst-l2-netcdf"},{"rel":"child","type":"application/json","title":"Sentinel-3
        Sea Surface Temperature","href":"https://planetarycomputer.microsoft.com/api/stac/v1/collections/sentinel-3-slstr-wst-l2-netcdf"},{"rel":"child","type":"application/json","title":"Sentinel-3
        Ocean Radar Altimetry","href":"https://planetarycomputer.microsoft.com/api/stac/v1/collections/sentinel-3-sral-wat-l2-netcdf"},{"rel":"child","type":"application/json","title":"Harmonized
        Landsat Sentinel-2 (HLS) Version 2.0, Sentinel-2 Portion","href":"https://planetarycomputer.microsoft.com/api/stac/v1/collections/hls2-s30"},{"rel":"child","type":"application/json","title":"Microsoft
        Building Footprints","href":"https://planetarycomputer.microsoft.com/api/stac/v1/collections/ms-buildings"},{"rel":"child","type":"application/json","title":"Sentinel-3
        Fire Radiative Power","href":"https://planetarycomputer.microsoft.com/api/stac/v1/collections/sentinel-3-slstr-frp-l2-netcdf"},{"rel":"child","type":"application/json","title":"Sentinel-3
        Land Surface Reflectance and Aerosol","href":"https://planetarycomputer.microsoft.com/api/stac/v1/collections/sentinel-3-synergy-syn-l2-netcdf"},{"rel":"child","type":"application/json","title":"Sentinel-3
        Top of Atmosphere Reflectance (SPOT VEGETATION)","href":"https://planetarycomputer.microsoft.com/api/stac/v1/collections/sentinel-3-synergy-vgp-l2-netcdf"},{"rel":"child","type":"application/json","title":"Sentinel-3
        1-Day Surface Reflectance and NDVI (SPOT VEGETATION)","href":"https://planetarycomputer.microsoft.com/api/stac/v1/collections/sentinel-3-synergy-vg1-l2-netcdf"},{"rel":"child","type":"application/json","title":"ESA
        WorldCover","href":"https://planetarycomputer.microsoft.com/api/stac/v1/collections/esa-worldcover"},{"rel":"service-desc","type":"application/vnd.oai.openapi+json;version=3.0","title":"OpenAPI
        service description","href":"https://planetarycomputer.microsoft.com/api/stac/v1/openapi.json"},{"rel":"service-doc","type":"text/html","title":"OpenAPI
        service documentation","href":"https://planetarycomputer.microsoft.com/api/stac/v1/docs"}],"stac_extensions":[]}'
    headers:
      Accept-Ranges:
      - bytes
      Access-Control-Allow-Credentials:
      - 'true'
      Access-Control-Allow-Headers:
      - X-PC-Request-Entity,DNT,Keep-Alive,User-Agent,X-Requested-With,If-Modified-Since,Cache-Control,Content-Type,Authorization
      Access-Control-Allow-Methods:
      - PUT, GET, POST, OPTIONS
      Access-Control-Allow-Origin:
      - '*'
      Access-Control-Max-Age:
      - '1728000'
      Connection:
      - close
      Content-Length:
      - '24878'
      Content-Type:
      - application/json
      Date:
      - Wed, 12 Mar 2025 12:12:27 GMT
      Strict-Transport-Security:
      - max-age=31536000; includeSubDomains
      X-Cache:
      - CONFIG_NOCACHE
      x-azure-ref:
      - 20250312T121227Z-15d554846c6b5hxkhC1DENmvhs00000007500000000041g1
    status:
      code: 200
      message: OK
- request:
    body: null
    headers:
      Connection:
      - close
      Host:
      - planetarycomputer.microsoft.com
      User-Agent:
      - Python-urllib/3.10
    method: GET
    uri: https://planetarycomputer.microsoft.com/api/stac/v1/
  response:
    body:
      string: '{"type":"Catalog","id":"microsoft-pc","title":"Microsoft Planetary
        Computer STAC API","description":"Searchable spatiotemporal metadata describing
        Earth science datasets hosted by the Microsoft Planetary Computer","stac_version":"1.0.0","conformsTo":["http://www.opengis.net/spec/ogcapi-features-1/1.0/conf/geojson","https://api.stacspec.org/v1.0.0/item-search#sort","http://www.opengis.net/spec/ogcapi-features-3/1.0/conf/filter","https://api.stacspec.org/v1.0.0-rc.2/item-search#filter","http://www.opengis.net/spec/cql2/1.0/conf/cql2-json","http://www.opengis.net/spec/ogcapi-features-1/1.0/conf/core","https://api.stacspec.org/v1.0.0/item-search#query","http://www.opengis.net/spec/cql2/1.0/conf/cql2-text","http://www.opengis.net/spec/ogcapi-features-1/1.0/conf/oas30","https://api.stacspec.org/v1.0.0/item-search#fields","https://api.stacspec.org/v1.0.0/item-search","http://www.opengis.net/spec/cql2/1.0/conf/basic-cql2","https://api.stacspec.org/v1.0.0/core","https://api.stacspec.org/v1.0.0/collections","https://api.stacspec.org/v1.0.0/ogcapi-features"],"links":[{"rel":"self","type":"application/json","href":"https://planetarycomputer.microsoft.com/api/stac/v1/"},{"rel":"root","type":"application/json","href":"https://planetarycomputer.microsoft.com/api/stac/v1/"},{"rel":"data","type":"application/json","href":"https://planetarycomputer.microsoft.com/api/stac/v1/collections"},{"rel":"conformance","type":"application/json","title":"STAC/OGC
        conformance classes implemented by this server","href":"https://planetarycomputer.microsoft.com/api/stac/v1/conformance"},{"rel":"search","type":"application/geo+json","title":"STAC
        search","href":"https://planetarycomputer.microsoft.com/api/stac/v1/search","method":"GET"},{"rel":"search","type":"application/geo+json","title":"STAC
        search","href":"https://planetarycomputer.microsoft.com/api/stac/v1/search","method":"POST"},{"rel":"http://www.opengis.net/def/rel/ogc/1.0/queryables","type":"application/schema+json","title":"Queryables","href":"https://planetarycomputer.microsoft.com/api/stac/v1/queryables","method":"GET"},{"rel":"child","type":"application/json","title":"Daymet
        Annual Puerto Rico","href":"https://planetarycomputer.microsoft.com/api/stac/v1/collections/daymet-annual-pr"},{"rel":"child","type":"application/json","title":"Daymet
        Daily Hawaii","href":"https://planetarycomputer.microsoft.com/api/stac/v1/collections/daymet-daily-hi"},{"rel":"child","type":"application/json","title":"USGS
        3DEP Seamless DEMs","href":"https://planetarycomputer.microsoft.com/api/stac/v1/collections/3dep-seamless"},{"rel":"child","type":"application/json","title":"USGS
        3DEP Lidar Digital Surface Model","href":"https://planetarycomputer.microsoft.com/api/stac/v1/collections/3dep-lidar-dsm"},{"rel":"child","type":"application/json","title":"Forest
        Inventory and Analysis","href":"https://planetarycomputer.microsoft.com/api/stac/v1/collections/fia"},{"rel":"child","type":"application/json","title":"Sentinel
        1 Radiometrically Terrain Corrected (RTC)","href":"https://planetarycomputer.microsoft.com/api/stac/v1/collections/sentinel-1-rtc"},{"rel":"child","type":"application/json","title":"gridMET","href":"https://planetarycomputer.microsoft.com/api/stac/v1/collections/gridmet"},{"rel":"child","type":"application/json","title":"Daymet
        Annual North America","href":"https://planetarycomputer.microsoft.com/api/stac/v1/collections/daymet-annual-na"},{"rel":"child","type":"application/json","title":"Daymet
        Monthly North America","href":"https://planetarycomputer.microsoft.com/api/stac/v1/collections/daymet-monthly-na"},{"rel":"child","type":"application/json","title":"Daymet
        Annual Hawaii","href":"https://planetarycomputer.microsoft.com/api/stac/v1/collections/daymet-annual-hi"},{"rel":"child","type":"application/json","title":"Daymet
        Monthly Hawaii","href":"https://planetarycomputer.microsoft.com/api/stac/v1/collections/daymet-monthly-hi"},{"rel":"child","type":"application/json","title":"Daymet
        Monthly Puerto Rico","href":"https://planetarycomputer.microsoft.com/api/stac/v1/collections/daymet-monthly-pr"},{"rel":"child","type":"application/json","title":"gNATSGO
        Soil Database - Tables","href":"https://planetarycomputer.microsoft.com/api/stac/v1/collections/gnatsgo-tables"},{"rel":"child","type":"application/json","title":"HGB:
        Harmonized Global Biomass for 2010","href":"https://planetarycomputer.microsoft.com/api/stac/v1/collections/hgb"},{"rel":"child","type":"application/json","title":"Copernicus
        DEM GLO-30","href":"https://planetarycomputer.microsoft.com/api/stac/v1/collections/cop-dem-glo-30"},{"rel":"child","type":"application/json","title":"Copernicus
        DEM GLO-90","href":"https://planetarycomputer.microsoft.com/api/stac/v1/collections/cop-dem-glo-90"},{"rel":"child","type":"application/json","title":"GOES-R
        Cloud & Moisture Imagery","href":"https://planetarycomputer.microsoft.com/api/stac/v1/collections/goes-cmi"},{"rel":"child","type":"application/json","title":"TerraClimate","href":"https://planetarycomputer.microsoft.com/api/stac/v1/collections/terraclimate"},{"rel":"child","type":"application/json","title":"Earth
        Exchange Global Daily Downscaled Projections (NEX-GDDP-CMIP6)","href":"https://planetarycomputer.microsoft.com/api/stac/v1/collections/nasa-nex-gddp-cmip6"},{"rel":"child","type":"application/json","title":"GPM
        IMERG","href":"https://planetarycomputer.microsoft.com/api/stac/v1/collections/gpm-imerg-hhr"},{"rel":"child","type":"application/json","title":"gNATSGO
        Soil Database - Rasters","href":"https://planetarycomputer.microsoft.com/api/stac/v1/collections/gnatsgo-rasters"},{"rel":"child","type":"application/json","title":"USGS
        3DEP Lidar Height above Ground","href":"https://planetarycomputer.microsoft.com/api/stac/v1/collections/3dep-lidar-hag"},{"rel":"child","type":"application/json","title":"10m
        Annual Land Use Land Cover (9-class) V2","href":"https://planetarycomputer.microsoft.com/api/stac/v1/collections/io-lulc-annual-v02"},{"rel":"child","type":"application/json","title":"CONUS404","href":"https://planetarycomputer.microsoft.com/api/stac/v1/collections/conus404"},{"rel":"child","type":"application/json","title":"USGS
        3DEP Lidar Intensity","href":"https://planetarycomputer.microsoft.com/api/stac/v1/collections/3dep-lidar-intensity"},{"rel":"child","type":"application/json","title":"USGS
        3DEP Lidar Point Source","href":"https://planetarycomputer.microsoft.com/api/stac/v1/collections/3dep-lidar-pointsourceid"},{"rel":"child","type":"application/json","title":"MTBS:
        Monitoring Trends in Burn Severity","href":"https://planetarycomputer.microsoft.com/api/stac/v1/collections/mtbs"},{"rel":"child","type":"application/json","title":"C-CAP
        Regional Land Cover and Change","href":"https://planetarycomputer.microsoft.com/api/stac/v1/collections/noaa-c-cap"},{"rel":"child","type":"application/json","title":"USGS
        3DEP Lidar Point Cloud","href":"https://planetarycomputer.microsoft.com/api/stac/v1/collections/3dep-lidar-copc"},{"rel":"child","type":"application/json","title":"MODIS
        Burned Area Monthly","href":"https://planetarycomputer.microsoft.com/api/stac/v1/collections/modis-64A1-061"},{"rel":"child","type":"application/json","title":"ALOS
        Forest/Non-Forest Annual Mosaic","href":"https://planetarycomputer.microsoft.com/api/stac/v1/collections/alos-fnf-mosaic"},{"rel":"child","type":"application/json","title":"USGS
        3DEP Lidar Returns","href":"https://planetarycomputer.microsoft.com/api/stac/v1/collections/3dep-lidar-returns"},{"rel":"child","type":"application/json","title":"MoBI:
        Map of Biodiversity Importance","href":"https://planetarycomputer.microsoft.com/api/stac/v1/collections/mobi"},{"rel":"child","type":"application/json","title":"Landsat
        Collection 2 Level-2","href":"https://planetarycomputer.microsoft.com/api/stac/v1/collections/landsat-c2-l2"},{"rel":"child","type":"application/json","title":"ERA5
        - PDS","href":"https://planetarycomputer.microsoft.com/api/stac/v1/collections/era5-pds"},{"rel":"child","type":"application/json","title":"Chloris
        Biomass","href":"https://planetarycomputer.microsoft.com/api/stac/v1/collections/chloris-biomass"},{"rel":"child","type":"application/json","title":"HydroForecast
        - Kwando & Upper Zambezi Rivers","href":"https://planetarycomputer.microsoft.com/api/stac/v1/collections/kaza-hydroforecast"},{"rel":"child","type":"application/json","title":"Planet-NICFI
        Basemaps (Analytic)","href":"https://planetarycomputer.microsoft.com/api/stac/v1/collections/planet-nicfi-analytic"},{"rel":"child","type":"application/json","title":"MODIS
        Gross Primary Productivity 8-Day","href":"https://planetarycomputer.microsoft.com/api/stac/v1/collections/modis-17A2H-061"},{"rel":"child","type":"application/json","title":"MODIS
        Land Surface Temperature/Emissivity 8-Day","href":"https://planetarycomputer.microsoft.com/api/stac/v1/collections/modis-11A2-061"},{"rel":"child","type":"application/json","title":"Daymet
        Daily Puerto Rico","href":"https://planetarycomputer.microsoft.com/api/stac/v1/collections/daymet-daily-pr"},{"rel":"child","type":"application/json","title":"USGS
        3DEP Lidar Digital Terrain Model (Native)","href":"https://planetarycomputer.microsoft.com/api/stac/v1/collections/3dep-lidar-dtm-native"},{"rel":"child","type":"application/json","title":"USGS
        3DEP Lidar Classification","href":"https://planetarycomputer.microsoft.com/api/stac/v1/collections/3dep-lidar-classification"},{"rel":"child","type":"application/json","title":"USGS
        3DEP Lidar Digital Terrain Model","href":"https://planetarycomputer.microsoft.com/api/stac/v1/collections/3dep-lidar-dtm"},{"rel":"child","type":"application/json","title":"USGS
        Gap Land Cover","href":"https://planetarycomputer.microsoft.com/api/stac/v1/collections/gap"},{"rel":"child","type":"application/json","title":"MODIS
        Gross Primary Productivity 8-Day Gap-Filled","href":"https://planetarycomputer.microsoft.com/api/stac/v1/collections/modis-17A2HGF-061"},{"rel":"child","type":"application/json","title":"Planet-NICFI
        Basemaps (Visual)","href":"https://planetarycomputer.microsoft.com/api/stac/v1/collections/planet-nicfi-visual"},{"rel":"child","type":"application/json","title":"Global
        Biodiversity Information Facility (GBIF)","href":"https://planetarycomputer.microsoft.com/api/stac/v1/collections/gbif"},{"rel":"child","type":"application/json","title":"MODIS
        Net Primary Production Yearly Gap-Filled","href":"https://planetarycomputer.microsoft.com/api/stac/v1/collections/modis-17A3HGF-061"},{"rel":"child","type":"application/json","title":"MODIS
        Surface Reflectance 8-Day (500m)","href":"https://planetarycomputer.microsoft.com/api/stac/v1/collections/modis-09A1-061"},{"rel":"child","type":"application/json","title":"ALOS
        World 3D-30m","href":"https://planetarycomputer.microsoft.com/api/stac/v1/collections/alos-dem"},{"rel":"child","type":"application/json","title":"ALOS
        PALSAR Annual Mosaic","href":"https://planetarycomputer.microsoft.com/api/stac/v1/collections/alos-palsar-mosaic"},{"rel":"child","type":"application/json","title":"Deltares
        Global Water Availability","href":"https://planetarycomputer.microsoft.com/api/stac/v1/collections/deltares-water-availability"},{"rel":"child","type":"application/json","title":"MODIS
        Net Evapotranspiration Yearly Gap-Filled","href":"https://planetarycomputer.microsoft.com/api/stac/v1/collections/modis-16A3GF-061"},{"rel":"child","type":"application/json","title":"MODIS
        Land Surface Temperature/3-Band Emissivity 8-Day","href":"https://planetarycomputer.microsoft.com/api/stac/v1/collections/modis-21A2-061"},{"rel":"child","type":"application/json","title":"US
        Census","href":"https://planetarycomputer.microsoft.com/api/stac/v1/collections/us-census"},{"rel":"child","type":"application/json","title":"JRC
        Global Surface Water","href":"https://planetarycomputer.microsoft.com/api/stac/v1/collections/jrc-gsw"},{"rel":"child","type":"application/json","title":"Deltares
        Global Flood Maps","href":"https://planetarycomputer.microsoft.com/api/stac/v1/collections/deltares-floods"},{"rel":"child","type":"application/json","title":"MODIS
        Nadir BRDF-Adjusted Reflectance (NBAR) Daily","href":"https://planetarycomputer.microsoft.com/api/stac/v1/collections/modis-43A4-061"},{"rel":"child","type":"application/json","title":"MODIS
        Surface Reflectance 8-Day (250m)","href":"https://planetarycomputer.microsoft.com/api/stac/v1/collections/modis-09Q1-061"},{"rel":"child","type":"application/json","title":"MODIS
        Thermal Anomalies/Fire Daily","href":"https://planetarycomputer.microsoft.com/api/stac/v1/collections/modis-14A1-061"},{"rel":"child","type":"application/json","title":"HREA:
        High Resolution Electricity Access","href":"https://planetarycomputer.microsoft.com/api/stac/v1/collections/hrea"},{"rel":"child","type":"application/json","title":"MODIS
        Vegetation Indices 16-Day (250m)","href":"https://planetarycomputer.microsoft.com/api/stac/v1/collections/modis-13Q1-061"},{"rel":"child","type":"application/json","title":"MODIS
        Thermal Anomalies/Fire 8-Day","href":"https://planetarycomputer.microsoft.com/api/stac/v1/collections/modis-14A2-061"},{"rel":"child","type":"application/json","title":"Sentinel-2
        Level-2A","href":"https://planetarycomputer.microsoft.com/api/stac/v1/collections/sentinel-2-l2a"},{"rel":"child","type":"application/json","title":"MODIS
        Leaf Area Index/FPAR 8-Day","href":"https://planetarycomputer.microsoft.com/api/stac/v1/collections/modis-15A2H-061"},{"rel":"child","type":"application/json","title":"MODIS
        Land Surface Temperature/Emissivity Daily","href":"https://planetarycomputer.microsoft.com/api/stac/v1/collections/modis-11A1-061"},{"rel":"child","type":"application/json","title":"MODIS
        Leaf Area Index/FPAR 4-Day","href":"https://planetarycomputer.microsoft.com/api/stac/v1/collections/modis-15A3H-061"},{"rel":"child","type":"application/json","title":"MODIS
        Vegetation Indices 16-Day (500m)","href":"https://planetarycomputer.microsoft.com/api/stac/v1/collections/modis-13A1-061"},{"rel":"child","type":"application/json","title":"Daymet
        Daily North America","href":"https://planetarycomputer.microsoft.com/api/stac/v1/collections/daymet-daily-na"},{"rel":"child","type":"application/json","title":"Land
        Cover of Canada","href":"https://planetarycomputer.microsoft.com/api/stac/v1/collections/nrcan-landcover"},{"rel":"child","type":"application/json","title":"MODIS
        Snow Cover 8-day","href":"https://planetarycomputer.microsoft.com/api/stac/v1/collections/modis-10A2-061"},{"rel":"child","type":"application/json","title":"ECMWF
        Open Data (real-time)","href":"https://planetarycomputer.microsoft.com/api/stac/v1/collections/ecmwf-forecast"},{"rel":"child","type":"application/json","title":"NOAA
        MRMS QPE 24-Hour Pass 2","href":"https://planetarycomputer.microsoft.com/api/stac/v1/collections/noaa-mrms-qpe-24h-pass2"},{"rel":"child","type":"application/json","title":"Sentinel
        1 Level-1 Ground Range Detected (GRD)","href":"https://planetarycomputer.microsoft.com/api/stac/v1/collections/sentinel-1-grd"},{"rel":"child","type":"application/json","title":"NASADEM
        HGT v001","href":"https://planetarycomputer.microsoft.com/api/stac/v1/collections/nasadem"},{"rel":"child","type":"application/json","title":"Esri
        10-Meter Land Cover (10-class)","href":"https://planetarycomputer.microsoft.com/api/stac/v1/collections/io-lulc"},{"rel":"child","type":"application/json","title":"Landsat
        Collection 2 Level-1","href":"https://planetarycomputer.microsoft.com/api/stac/v1/collections/landsat-c2-l1"},{"rel":"child","type":"application/json","title":"Denver
        Regional Council of Governments Land Use Land Cover","href":"https://planetarycomputer.microsoft.com/api/stac/v1/collections/drcog-lulc"},{"rel":"child","type":"application/json","title":"Chesapeake
        Land Cover (7-class)","href":"https://planetarycomputer.microsoft.com/api/stac/v1/collections/chesapeake-lc-7"},{"rel":"child","type":"application/json","title":"Chesapeake
        Land Cover (13-class)","href":"https://planetarycomputer.microsoft.com/api/stac/v1/collections/chesapeake-lc-13"},{"rel":"child","type":"application/json","title":"Chesapeake
        Land Use","href":"https://planetarycomputer.microsoft.com/api/stac/v1/collections/chesapeake-lu"},{"rel":"child","type":"application/json","title":"NOAA
        MRMS QPE 1-Hour Pass 1","href":"https://planetarycomputer.microsoft.com/api/stac/v1/collections/noaa-mrms-qpe-1h-pass1"},{"rel":"child","type":"application/json","title":"NOAA
        MRMS QPE 1-Hour Pass 2","href":"https://planetarycomputer.microsoft.com/api/stac/v1/collections/noaa-mrms-qpe-1h-pass2"},{"rel":"child","type":"application/json","title":"Monthly
        NOAA U.S. Climate Gridded Dataset (NClimGrid)","href":"https://planetarycomputer.microsoft.com/api/stac/v1/collections/noaa-nclimgrid-monthly"},{"rel":"child","type":"application/json","title":"GOES-R
        Lightning Detection","href":"https://planetarycomputer.microsoft.com/api/stac/v1/collections/goes-glm"},{"rel":"child","type":"application/json","title":"USDA
        Cropland Data Layers (CDLs)","href":"https://planetarycomputer.microsoft.com/api/stac/v1/collections/usda-cdl"},{"rel":"child","type":"application/json","title":"Urban
        Innovation Eclipse Sensor Data","href":"https://planetarycomputer.microsoft.com/api/stac/v1/collections/eclipse"},{"rel":"child","type":"application/json","title":"ESA
        Climate Change Initiative Land Cover Maps (Cloud Optimized GeoTIFF)","href":"https://planetarycomputer.microsoft.com/api/stac/v1/collections/esa-cci-lc"},{"rel":"child","type":"application/json","title":"ESA
        Climate Change Initiative Land Cover Maps (NetCDF)","href":"https://planetarycomputer.microsoft.com/api/stac/v1/collections/esa-cci-lc-netcdf"},{"rel":"child","type":"application/json","title":"FWS
        National Wetlands Inventory","href":"https://planetarycomputer.microsoft.com/api/stac/v1/collections/fws-nwi"},{"rel":"child","type":"application/json","title":"USGS
        LCMAP CONUS Collection 1.3","href":"https://planetarycomputer.microsoft.com/api/stac/v1/collections/usgs-lcmap-conus-v13"},{"rel":"child","type":"application/json","title":"USGS
        LCMAP Hawaii Collection 1.0","href":"https://planetarycomputer.microsoft.com/api/stac/v1/collections/usgs-lcmap-hawaii-v10"},{"rel":"child","type":"application/json","title":"NOAA
        US Tabular Climate Normals","href":"https://planetarycomputer.microsoft.com/api/stac/v1/collections/noaa-climate-normals-tabular"},{"rel":"child","type":"application/json","title":"NOAA
        US Gridded Climate Normals (NetCDF)","href":"https://planetarycomputer.microsoft.com/api/stac/v1/collections/noaa-climate-normals-netcdf"},{"rel":"child","type":"application/json","title":"NOAA
        US Gridded Climate Normals (Cloud-Optimized GeoTIFF)","href":"https://planetarycomputer.microsoft.com/api/stac/v1/collections/noaa-climate-normals-gridded"},{"rel":"child","type":"application/json","title":"ASTER
        L1T","href":"https://planetarycomputer.microsoft.com/api/stac/v1/collections/aster-l1t"},{"rel":"child","type":"application/json","title":"CIL
        Global Downscaled Projections for Climate Impacts Research (CC-BY-SA-4.0)","href":"https://planetarycomputer.microsoft.com/api/stac/v1/collections/cil-gdpcir-cc-by-sa"},{"rel":"child","type":"application/json","title":"NAIP:
        National Agriculture Imagery Program","href":"https://planetarycomputer.microsoft.com/api/stac/v1/collections/naip"},{"rel":"child","type":"application/json","title":"10m
        Annual Land Use Land Cover (9-class) V1","href":"https://planetarycomputer.microsoft.com/api/stac/v1/collections/io-lulc-9-class"},{"rel":"child","type":"application/json","title":"Biodiversity
        Intactness","href":"https://planetarycomputer.microsoft.com/api/stac/v1/collections/io-biodiversity"},{"rel":"child","type":"application/json","title":"Sea
        Surface Temperature - WHOI CDR","href":"https://planetarycomputer.microsoft.com/api/stac/v1/collections/noaa-cdr-sea-surface-temperature-whoi"},{"rel":"child","type":"application/json","title":"Global
        Ocean Heat Content CDR","href":"https://planetarycomputer.microsoft.com/api/stac/v1/collections/noaa-cdr-ocean-heat-content"},{"rel":"child","type":"application/json","title":"CIL
        Global Downscaled Projections for Climate Impacts Research (CC0-1.0)","href":"https://planetarycomputer.microsoft.com/api/stac/v1/collections/cil-gdpcir-cc0"},{"rel":"child","type":"application/json","title":"CIL
        Global Downscaled Projections for Climate Impacts Research (CC-BY-4.0)","href":"https://planetarycomputer.microsoft.com/api/stac/v1/collections/cil-gdpcir-cc-by"},{"rel":"child","type":"application/json","title":"Sea
        Surface Temperature - WHOI CDR NetCDFs","href":"https://planetarycomputer.microsoft.com/api/stac/v1/collections/noaa-cdr-sea-surface-temperature-whoi-netcdf"},{"rel":"child","type":"application/json","title":"Sea
        Surface Temperature - Optimum Interpolation CDR","href":"https://planetarycomputer.microsoft.com/api/stac/v1/collections/noaa-cdr-sea-surface-temperature-optimum-interpolation"},{"rel":"child","type":"application/json","title":"MODIS
        Snow Cover Daily","href":"https://planetarycomputer.microsoft.com/api/stac/v1/collections/modis-10A1-061"},{"rel":"child","type":"application/json","title":"Sentinel-5P
        Level-2","href":"https://planetarycomputer.microsoft.com/api/stac/v1/collections/sentinel-5p-l2-netcdf"},{"rel":"child","type":"application/json","title":"Sentinel-3
        Water (Full Resolution)","href":"https://planetarycomputer.microsoft.com/api/stac/v1/collections/sentinel-3-olci-wfr-l2-netcdf"},{"rel":"child","type":"application/json","title":"Global
        Ocean Heat Content CDR NetCDFs","href":"https://planetarycomputer.microsoft.com/api/stac/v1/collections/noaa-cdr-ocean-heat-content-netcdf"},{"rel":"child","type":"application/json","title":"Harmonized
        Landsat Sentinel-2 (HLS) Version 2.0, Landsat Portion","href":"https://planetarycomputer.microsoft.com/api/stac/v1/collections/hls2-l30"},{"rel":"child","type":"application/json","title":"Sentinel-3
        Global Aerosol","href":"https://planetarycomputer.microsoft.com/api/stac/v1/collections/sentinel-3-synergy-aod-l2-netcdf"},{"rel":"child","type":"application/json","title":"Sentinel-3
        10-Day Surface Reflectance and NDVI (SPOT VEGETATION)","href":"https://planetarycomputer.microsoft.com/api/stac/v1/collections/sentinel-3-synergy-v10-l2-netcdf"},{"rel":"child","type":"application/json","title":"Sentinel-3
        Land (Full Resolution)","href":"https://planetarycomputer.microsoft.com/api/stac/v1/collections/sentinel-3-olci-lfr-l2-netcdf"},{"rel":"child","type":"application/json","title":"Sentinel-3
        Land Radar Altimetry","href":"https://planetarycomputer.microsoft.com/api/stac/v1/collections/sentinel-3-sral-lan-l2-netcdf"},{"rel":"child","type":"application/json","title":"Sentinel-3
        Land Surface Temperature","href":"https://planetarycomputer.microsoft.com/api/stac/v1/collections/sentinel-3-slstr-lst-l2-netcdf"},{"rel":"child","type":"application/json","title":"Sentinel-3
        Sea Surface Temperature","href":"https://planetarycomputer.microsoft.com/api/stac/v1/collections/sentinel-3-slstr-wst-l2-netcdf"},{"rel":"child","type":"application/json","title":"Sentinel-3
        Ocean Radar Altimetry","href":"https://planetarycomputer.microsoft.com/api/stac/v1/collections/sentinel-3-sral-wat-l2-netcdf"},{"rel":"child","type":"application/json","title":"Harmonized
        Landsat Sentinel-2 (HLS) Version 2.0, Sentinel-2 Portion","href":"https://planetarycomputer.microsoft.com/api/stac/v1/collections/hls2-s30"},{"rel":"child","type":"application/json","title":"Microsoft
        Building Footprints","href":"https://planetarycomputer.microsoft.com/api/stac/v1/collections/ms-buildings"},{"rel":"child","type":"application/json","title":"Sentinel-3
        Fire Radiative Power","href":"https://planetarycomputer.microsoft.com/api/stac/v1/collections/sentinel-3-slstr-frp-l2-netcdf"},{"rel":"child","type":"application/json","title":"Sentinel-3
        Land Surface Reflectance and Aerosol","href":"https://planetarycomputer.microsoft.com/api/stac/v1/collections/sentinel-3-synergy-syn-l2-netcdf"},{"rel":"child","type":"application/json","title":"Sentinel-3
        Top of Atmosphere Reflectance (SPOT VEGETATION)","href":"https://planetarycomputer.microsoft.com/api/stac/v1/collections/sentinel-3-synergy-vgp-l2-netcdf"},{"rel":"child","type":"application/json","title":"Sentinel-3
        1-Day Surface Reflectance and NDVI (SPOT VEGETATION)","href":"https://planetarycomputer.microsoft.com/api/stac/v1/collections/sentinel-3-synergy-vg1-l2-netcdf"},{"rel":"child","type":"application/json","title":"ESA
        WorldCover","href":"https://planetarycomputer.microsoft.com/api/stac/v1/collections/esa-worldcover"},{"rel":"service-desc","type":"application/vnd.oai.openapi+json;version=3.0","title":"OpenAPI
        service description","href":"https://planetarycomputer.microsoft.com/api/stac/v1/openapi.json"},{"rel":"service-doc","type":"text/html","title":"OpenAPI
        service documentation","href":"https://planetarycomputer.microsoft.com/api/stac/v1/docs"}],"stac_extensions":[]}'
    headers:
      Accept-Ranges:
      - bytes
      Access-Control-Allow-Credentials:
      - 'true'
      Access-Control-Allow-Headers:
      - X-PC-Request-Entity,DNT,Keep-Alive,User-Agent,X-Requested-With,If-Modified-Since,Cache-Control,Content-Type,Authorization
      Access-Control-Allow-Methods:
      - PUT, GET, POST, OPTIONS
      Access-Control-Allow-Origin:
      - '*'
      Access-Control-Max-Age:
      - '1728000'
      Connection:
      - close
      Content-Length:
      - '24878'
      Content-Type:
      - application/json
      Date:
      - Wed, 12 Mar 2025 12:12:27 GMT
      Strict-Transport-Security:
      - max-age=31536000; includeSubDomains
      X-Cache:
      - CONFIG_NOCACHE
      x-azure-ref:
      - 20250312T121227Z-15d554846c6hstv4hC1DEN36c00000000150000000004pxm
    status:
      code: 200
      message: OK
version: 1
